I'm sorry, but errors were detected in your script. Please correct the
errors listed below, and try again.


File "game/code/screens/preferences.rpy", line 241: 'font_variables' is not a keyword argument or valid child of the text statement.
    font_variables={"wght": persistent.pref_text_weight}
                  ^

Ren'Py Version: Ren'Py 8.3.7.25031702
Thu Jul 17 10:57:00 2025
